Deleting outputs & visualizations folders
Drawing input coordinates
C:\Users\temba\miniconda3\envs\mpose\lib\site-packages\torchvision\io\image.py:13: UserWarning: Failed to load image Python extension: Could not find module 'C:\Users\temba\miniconda3\envs\mpose\Lib\site-packages\torchvision\image.pyd' (or one of its dependencies). Try using the full path with constructor syntax.
  warn(f"Failed to load image Python extension: {e}")
Traceback (most recent call last):
  File "C:\Users\temba\miniconda3\envs\mpose\lib\runpy.py", line 197, in _run_module_as_main
    return _run_code(code, main_globals, None,
  File "C:\Users\temba\miniconda3\envs\mpose\lib\runpy.py", line 87, in _run_code
    exec(code, run_globals)
  File "C:\Users\temba\dev\megapose6d\src\megapose\scripts\run_inference_on_example.py", line 305, in <module>
    make_detections_visualization(example_dir)
  File "C:\Users\temba\dev\megapose6d\src\megapose\scripts\run_inference_on_example.py", line 99, in make_detections_visualization
    detections = load_detections(example_dir)
  File "C:\Users\temba\dev\megapose6d\src\megapose\scripts\run_inference_on_example.py", line 72, in load_detections
    detections = make_detections_from_object_data(input_object_data).cuda()
  File "C:\Users\temba\dev\megapose6d\src\megapose\utils\tensor_collection.py", line 107, in cuda
    return self.to("cuda")
  File "C:\Users\temba\dev\megapose6d\src\megapose\utils\tensor_collection.py", line 103, in to
    self._tensors[k] = v.to(torch_attr)
  File "C:\Users\temba\miniconda3\envs\mpose\lib\site-packages\torch\cuda\__init__.py", line 403, in _lazy_init
    raise AssertionError("Torch not compiled with CUDA enabled")
AssertionError: Torch not compiled with CUDA enabled
MKL_NUM_THREADS: 1
OMP_NUM_THREADS: 1
CUDA_VISIBLE_DEVICES: 0
EGL_VISIBLE_DEVICES: 0
Successful input coordinates
Running inference
C:\Users\temba\miniconda3\envs\mpose\lib\site-packages\torchvision\io\image.py:13: UserWarning: Failed to load image Python extension: Could not find module 'C:\Users\temba\miniconda3\envs\mpose\Lib\site-packages\torchvision\image.pyd' (or one of its dependencies). Try using the full path with constructor syntax.
  warn(f"Failed to load image Python extension: {e}")
Traceback (most recent call last):
  File "C:\Users\temba\miniconda3\envs\mpose\lib\runpy.py", line 197, in _run_module_as_main
    return _run_code(code, main_globals, None,
  File "C:\Users\temba\miniconda3\envs\mpose\lib\runpy.py", line 87, in _run_code
    exec(code, run_globals)
  File "C:\Users\temba\dev\megapose6d\src\megapose\scripts\run_inference_on_example.py", line 308, in <module>
    run_inference(example_dir, args.model)
  File "C:\Users\temba\dev\megapose6d\src\megapose\scripts\run_inference_on_example.py", line 134, in run_inference
    observation = load_observation_tensor(
  File "C:\Users\temba\dev\megapose6d\src\megapose\inference\types.py", line 117, in cuda
    self.images = self.images.cuda()
  File "C:\Users\temba\miniconda3\envs\mpose\lib\site-packages\torch\cuda\__init__.py", line 403, in _lazy_init
    raise AssertionError("Torch not compiled with CUDA enabled")
AssertionError: Torch not compiled with CUDA enabled
MKL_NUM_THREADS: 1
OMP_NUM_THREADS: 1
CUDA_VISIBLE_DEVICES: 0
EGL_VISIBLE_DEVICES: 0
Successful inference
Drawing visualizations
C:\Users\temba\miniconda3\envs\mpose\lib\site-packages\torchvision\io\image.py:13: UserWarning: Failed to load image Python extension: Could not find module 'C:\Users\temba\miniconda3\envs\mpose\Lib\site-packages\torchvision\image.pyd' (or one of its dependencies). Try using the full path with constructor syntax.
  warn(f"Failed to load image Python extension: {e}")
Traceback (most recent call last):
  File "C:\Users\temba\miniconda3\envs\mpose\lib\runpy.py", line 197, in _run_module_as_main
    return _run_code(code, main_globals, None,
  File "C:\Users\temba\miniconda3\envs\mpose\lib\runpy.py", line 87, in _run_code
    exec(code, run_globals)
  File "C:\Users\temba\dev\megapose6d\src\megapose\scripts\run_inference_on_example.py", line 311, in <module>
    make_output_visualization(example_dir)
  File "C:\Users\temba\dev\megapose6d\src\megapose\scripts\run_inference_on_example.py", line 158, in make_output_visualization
    object_datas = load_object_data(example_dir / "outputs" / "object_data.json")
  File "C:\Users\temba\dev\megapose6d\src\megapose\scripts\run_inference_on_example.py", line 63, in load_object_data
    object_data = json.loads(data_path.read_text())
  File "C:\Users\temba\miniconda3\envs\mpose\lib\pathlib.py", line 1194, in read_text
    with self.open(mode='r', encoding=encoding, errors=errors) as f:
  File "C:\Users\temba\miniconda3\envs\mpose\lib\pathlib.py", line 1180, in open
    return io.open(self, mode, buffering, encoding, errors, newline,
  File "C:\Users\temba\miniconda3\envs\mpose\lib\pathlib.py", line 1038, in _opener
    return self._accessor.open(self, flags, mode)
FileNotFoundError: [Errno 2] No such file or directory: 'C:\\Users\\temba\\dev\\megapose6d\\local_data\\examples\\baygon\\outputs\\object_data.json'
MKL_NUM_THREADS: 1
OMP_NUM_THREADS: 1
CUDA_VISIBLE_DEVICES: 0
EGL_VISIBLE_DEVICES: 0
Successful Visualizations
